/home/gaojing/miniforge3/envs/t/lib/python3.11/site-packages/torch/nn/modules/transformer.py:382: UserWarning: enable_nested_tensor is True, but self.use_nested_tensor is False because encoder_layer.norm_first was True
  warnings.warn(
/home/gaojing/miniforge3/envs/t/lib/python3.11/site-packages/torch/nn/modules/transformer.py:382: UserWarning: enable_nested_tensor is True, but self.use_nested_tensor is False because encoder_layer.norm_first was True
  warnings.warn(
/home/gaojing/miniforge3/envs/t/lib/python3.11/site-packages/torch/nn/modules/transformer.py:382: UserWarning: enable_nested_tensor is True, but self.use_nested_tensor is False because encoder_layer.norm_first was True
  warnings.warn(
evaluating 2558 test targets on cuda:0 (top_m=30, pool_cap=15, sizes 2-5)
  100/2558  C@1=62.00  C@20=89.00  MRR=69.04  (57s)
  200/2558  C@1=71.00  C@20=89.50  MRR=75.84  (109s)
  300/2558  C@1=71.33  C@20=90.33  MRR=76.70  (163s)
  400/2558  C@1=74.75  C@20=91.00  MRR=79.50  (212s)
  500/2558  C@1=74.40  C@20=89.80  MRR=78.99  (255s)
  600/2558  C@1=71.67  C@20=88.33  MRR=76.84  (294s)
  700/2558  C@1=73.43  C@20=88.71  MRR=78.13  (336s)
  800/2558  C@1=75.12  C@20=89.88  MRR=79.64  (366s)
  900/2558  C@1=74.11  C@20=89.67  MRR=78.90  (416s)
  1000/2558  C@1=75.10  C@20=90.10  MRR=79.69  (457s)
  1100/2558  C@1=72.91  C@20=90.00  MRR=78.43  (511s)
  1200/2558  C@1=72.50  C@20=89.75  MRR=78.16  (559s)
  1300/2558  C@1=72.69  C@20=89.77  MRR=78.42  (596s)
  1400/2558  C@1=73.14  C@20=89.43  MRR=78.55  (634s)
  1500/2558  C@1=71.80  C@20=89.27  MRR=77.40  (670s)
  1600/2558  C@1=72.19  C@20=89.19  MRR=77.63  (711s)
  1700/2558  C@1=72.53  C@20=89.41  MRR=77.96  (762s)
  1800/2558  C@1=73.17  C@20=89.78  MRR=78.55  (797s)
  1900/2558  C@1=73.58  C@20=89.95  MRR=78.92  (838s)
  2000/2558  C@1=72.95  C@20=89.80  MRR=78.51  (890s)
  2100/2558  C@1=72.86  C@20=89.76  MRR=78.39  (935s)
  2200/2558  C@1=72.86  C@20=89.95  MRR=78.45  (982s)
  2300/2558  C@1=73.09  C@20=90.09  MRR=78.69  (1025s)
  2400/2558  C@1=72.71  C@20=89.46  MRR=78.20  (1072s)
  2500/2558  C@1=72.00  C@20=89.56  MRR=77.73  (1121s)
  2558/2558  C@1=71.81  C@20=89.21  MRR=77.48  (1152s)
{
  "combo_1": 71.81,
  "combo_3": 82.29,
  "combo_5": 84.71,
  "combo_10": 87.37,
  "combo_20": 89.21,
  "combo_mrr": 77.48,
  "gt_enumerated_rate": 95.74
}
wrote submission/goai_final/metrics/retro_benchmark.json and submission/goai_final/metrics/retro_benchmark.per_target.jsonl
