Reading additional input from stdin...
2026-09-03T00:21:54.284045Z ERROR codex_models_manager::manager: failed to refresh available models: timeout waiting for child process to exit
2026-09-03T00:25:13.898701Z ERROR codex_core::tools::router: error=apply_patch verification failed: Failed to find expected lines in <HOME>
Reviews provide vocabulary and route families, while primary studies anchor claims about processing or electrochemical response \cite{wang2020garnet,puente2021garnet,raju2021crystal,chen2022processing,wang2026research}.
2026-09-03T00:26:17.114181Z ERROR codex_core::tools::router: error=apply_patch verification failed: Failed to find expected lines in <HOME>
Mechanochemical processing similarly changes defect density and contact area before crystallization \cite{duvel2012mechanosynthesis}. The benefit is not universal: high surface area accelerates both reaction and environmental degradation, and agglomerates can create macropores that survive pressing. Particle-size-dependent degradation in Ta-containing garnet powders makes air exposure time and storage atmosphere essential metadata \cite{hoinkis2023particle}.
2026-09-03T00:27:00.295892Z ERROR codex_core::tools::router: error=apply_patch verification failed: Failed to find expected lines in <HOME>
Membrane reports should therefore include thickness maps, areal density, bending or handling history and the electrode area used for impedance.
2026-09-03T00:27:59.931106Z ERROR codex_models_manager::manager: failed to refresh available models: timeout waiting for child process to exit
2026-09-03T00:28:17.109100Z ERROR codex_core::tools::router: error=apply_patch verification failed: Failed to find expected lines in <HOME>
Recent studies also show that excess-lithium-free processing and in situ boundary engineering can reduce interfacial resistance, yet their values remain tied to the particular surface and protocol \cite{nasir2025excess,you2025in,zhang2024an,jiang2024homogenizing}.
2026-09-03T00:29:37.728728Z ERROR codex_core::tools::router: error=apply_patch verification failed: Failed to find expected lines in <HOME>
The minimum structural package is Archimedes density, cross-sectional microscopy, grain-size statistics and a statement on open porosity.
2026-09-03T00:29:52.693858Z ERROR codex_core::tools::router: error=apply_patch verification failed: Failed to find expected lines in <HOME>
Earlier reactive-sintering and lithium-oxide-additive work reaches high density through transient liquids or enhanced particle contact, providing useful process precedents without proving a universal additive mechanism for every LLZO composition \cite{li2020solid,li2013influence,jonson2018tape}.
2026-09-03T00:29:57.072136Z ERROR codex_core::tools::router: error=apply_patch verification failed: Failed to find expected lines in <HOME>
... every LLZO composition \cite{li2020solid,li2013influence,jonson2018tape}.
2026-09-03T00:30:02.555119Z ERROR codex_core::tools::router: error=apply_patch verification failed: Failed to find expected lines in <HOME>
\cite{li2020solid,li2013influence,jonson2018tape}.
2026-09-03T00:31:42.266749Z ERROR codex_core::tools::router: error=apply_patch verification failed: Failed to find expected lines in <HOME>
These silicate papers are not LLZO measurements and do not establish LLZO phase fields or conductivity; they are used only to motivate an explicit workflow of phase-diagram measurement, composition spacing and thermodynamic modeling.
2026-09-03T00:37:06.399906Z ERROR codex_models_manager::manager: failed to refresh available models: timeout waiting for child process to exit
